[viajandonoingles.co/index.html]
[backblue.gif]
[fade.gif]
[index.html]
[static-public.klickpages.com.br/uploads/media/file/1409129/viajando_ingles_logo_favicon2.png]
[static-public.klickpages.com.br/app/assets/stylesheets/publish4946.css]
[apis.google.com/js/plus.js]
[apis.google.com/js/plusone.js]
[static-public.klickpages.com.br/app/assets/javascripts/public/js/include4946.js]
[launcher.hotmart.com_443/launcher.js]
[connect.facebook.net/en_US/fbevents.js]
[connect.facebook.net/pt_BR/sdk.js]
[static-public.klickpages.com.br/tmp/zip/874/styles/mainecfb.css]
[static-public.klickpages.com.br/uploads/media/file/1405281/abw2016-p001-269767-1-m-istock.com_e_getty_images-1024x683.jpg]
[static-public.klickpages.com.br/uploads/media/file/1299028/viajando_ingles_logo-vetor.png]
[static-public.klickpages.com.br/tmp/zip/1252/styles/main20ce.css]
[static-public.klickpages.com.br/tmp/zip/595/styles/main.css]
[static-public.klickpages.com.br/tmp/zip/593/styles/main.css]
[static-public.klickpages.com.br/uploads/media/file/1299044/viajando_ingles_bg.jpg]
[static-public.klickpages.com.br/tmp/zip/1300/styles/main523d.css]
[static-public.klickpages.com.br/uploads/media/file/1720609/vni_montagem_aulas_site.jpg]
[static-public.klickpages.com.br/tmp/zip/865/styles/maine911.css]
[static-public.klickpages.com.br/tmp/zip/1270/styles/maina2ca.css]
[static-public.klickpages.com.br/uploads/media/file/1628592/box_viajandonoingles4.png]
[static-public.klickpages.com.br/tmp/zip/1253/styles/maine12f.css]
[static-public.klickpages.com.br/tmp/zip/1256/styles/main96f6.css]
[static-public.klickpages.com.br/uploads/media/file/2239690/e0962568-a5f2-4e83-bdfc-b0d19fb83977.jpg]
[static-public.klickpages.com.br/uploads/media/file/2239668/pp.jpg]
[static-public.klickpages.com.br/uploads/media/file/2402143/12525298_10208193088856520_1298391526641944193_o_(2).jpg]
[static-public.klickpages.com.br/tmp/zip/1096/styles/main3ad1.css]
[static-public.klickpages.com.br/uploads/media/file/1404323/julia_martins_viajandonoingles.png]
[static-public.klickpages.com.br/uploads/media/file/1404322/carine_paiva_viajandonoingles.png]
[static-public.klickpages.com.br/tmp/zip/1139/styles/maina2ba.css]
[static-public.klickpages.com.br/uploads/media/file/1404477/background_viajandonoingles2.png]
[static-public.klickpages.com.br/tmp/zip/1299/styles/maindd0e.css]
[static-public.klickpages.com.br/uploads/media/file/1628670/7-dias-garantia.png]
[static-public.klickpages.com.br/tmp/zip/1299/images/01dd0e.png]
[static-public.klickpages.com.br/tmp/zip/1299/images/02dd0e.png]
[static-public.klickpages.com.br/tmp/zip/1299/images/03dd0e.png]
[static-public.klickpages.com.br/tmp/zip/1299/images/04dd0e.png]
[static-public.klickpages.com.br/tmp/zip/1299/images/06dd0e.png]
[static-public.klickpages.com.br/tmp/zip/1299/images/07dd0e.png]
[static-public.klickpages.com.br/tmp/zip/1299/images/08dd0e.png]
[static-public.klickpages.com.br/tmp/zip/1299/images/09dd0e.png]
[static-public.klickpages.com.br/tmp/zip/597/styles/main.css]
[static-public.klickpages.com.br/tmp/zip/891/styles/main41ae.css]
[viajandonoingles.co/cdn-cgi/l/email-protection.html]
[static-public.klickpages.com.br/tmp/zip/602/styles/main.css]
[static-public.klickpages.com.br/uploads/media/file/1278644/viajando_ingles_logo-vetor.png]
[static-public.klickpages.com.br/tmp/zip/739/styles/mainb1f5.css]
[static-public.klickpages.com.br/app/assets/stylesheets/made_with4946.css]
[static-public.klickpages.com.br/app/assets/images/logos/klickpages4946.png]
[viajandonoingles.co/cdn-cgi/scripts/5c5dd728/cloudflare-static/email-decode.min.js]
[static-public.klickpages.com.br/app/assets/javascripts/public/js/body/end4946.js]
[static-public.klickpages.com.br/app/assets/javascripts/libs/libs4946.js]
[viajandonoingles.co/index.html]
[static-public.klickpages.com.br/app/assets/stylesheets/publish4946.css]
[viajandonoingles.co/POST.35.delayed]
[connect.facebook.net/en_US/fbevents.js]
[connect.facebook.net/pt_BR/sdk.js]
[static-public.klickpages.com.br/app/assets/javascripts/public/js/body/begin4946.js]
[static-public.klickpages.com.br/tmp/zip/874/styles/mainecfb.css]
[static-public.klickpages.com.br/tmp/zip/1252/styles/main20ce.css]
[static-public.klickpages.com.br/tmp/zip/595/styles/main.css]
[static-public.klickpages.com.br/tmp/zip/593/styles/main.css]
[static-public.klickpages.com.br/tmp/zip/1300/styles/main523d.css]
[static-public.klickpages.com.br/tmp/zip/865/styles/maine911.css]
[static-public.klickpages.com.br/tmp/zip/1270/styles/maina2ca.css]
[static-public.klickpages.com.br/tmp/zip/1253/styles/maine12f.css]
[static-public.klickpages.com.br/tmp/zip/1256/styles/main96f6.css]
[static-public.klickpages.com.br/tmp/zip/1096/styles/main3ad1.css]
[static-public.klickpages.com.br/tmp/zip/1139/styles/maina2ba.css]
[static-public.klickpages.com.br/tmp/zip/1299/styles/maindd0e.css]
[static-public.klickpages.com.br/tmp/zip/597/styles/main.css]
[static-public.klickpages.com.br/tmp/zip/891/images/ico/down41ae.png]
[static-public.klickpages.com.br/tmp/zip/891/styles/main41ae.css]
[viajandonoingles.co/cdn-cgi/l/email-protection.html]
[static-public.klickpages.com.br/tmp/zip/602/styles/main.css]
[static-public.klickpages.com.br/tmp/zip/739/images/lockb1f5.png]
[static-public.klickpages.com.br/tmp/zip/739/styles/mainb1f5.css]
[static-public.klickpages.com.br/app/assets/stylesheets/made_with4946.css]
[viajandonoingles.co/POST.html]
